0 info it worked if it ends with ok
1 verbose cli [ 'C:\\Program Files\\nodejs\\node.exe',
1 verbose cli   'C:\\Users\\Amanda\\AppData\\Roaming\\npm\\node_modules\\npm\\bin\\npm-cli.js',
1 verbose cli   'start' ]
2 info using npm@3.7.3
3 info using node@v4.1.2
4 verbose run-script [ 'prestart', 'start', 'poststart' ]
5 info lifecycle diashes.github.io@1.0.0~prestart: diashes.github.io@1.0.0
6 silly lifecycle diashes.github.io@1.0.0~prestart: no script for prestart, continuing
7 info lifecycle diashes.github.io@1.0.0~start: diashes.github.io@1.0.0
8 verbose lifecycle diashes.github.io@1.0.0~start: unsafe-perm in lifecycle true
9 verbose lifecycle diashes.github.io@1.0.0~start: PATH: C:\Users\Amanda\AppData\Roaming\npm\node_modules\npm\bin\node-gyp-bin;C:\Users\Amanda\Sites\diashes.github.io\node_modules\.bin;C:\Program Files\nodejs;C:\Program Files (x86)\NVIDIA Corporation\PhysX\Common;C:\ProgramData\Oracle\Java\javapath;C:\WINDOWS\system32;C:\WINDOWS;C:\WINDOWS\System32\Wbem;C:\WINDOWS\System32\WindowsPowerShell\v1.0\;C:\Program Files\Java\jdk1.8.0_25\bin;C:\Program Files (x86)\Brackets\command;C:\Program Files\nodejs\;C:\Users\Amanda\.dnx\bin;C:\Program Files\Microsoft DNX\Dnvm\;C:\Program Files (x86)\QuickTime\QTSystem\;C:\Users\Amanda\AppData\Local\GitHub\PortableGit_25d850739bc178b2eb13c3e2a9faafea2f9143c0;C:\Program Files\Git\cmd;C:\Program Files\Java\jdk1.8.0_25\bin;C:\Users\Amanda\AppData\Roaming\npm;C:\Program Files (x86)\Microsoft VS Code\bin;C:\Users\Amanda\AppData\Local\.meteor\;C:\Program Files\Docker Toolbox
10 verbose lifecycle diashes.github.io@1.0.0~start: CWD: C:\Users\Amanda\Sites\diashes.github.io
11 silly lifecycle diashes.github.io@1.0.0~start: Args: [ '/d /s /c',
11 silly lifecycle   'tsc && concurrently "gulp sass" "tsc -w" "node server.js" ' ]
12 silly lifecycle diashes.github.io@1.0.0~start: Returned: code: 2  signal: null
13 info lifecycle diashes.github.io@1.0.0~start: Failed to exec start script
14 verbose stack Error: diashes.github.io@1.0.0 start: `tsc && concurrently "gulp sass" "tsc -w" "node server.js" `
14 verbose stack Exit status 2
14 verbose stack     at EventEmitter.<anonymous> (C:\Users\Amanda\AppData\Roaming\npm\node_modules\npm\lib\utils\lifecycle.js:239:16)
14 verbose stack     at emitTwo (events.js:87:13)
14 verbose stack     at EventEmitter.emit (events.js:172:7)
14 verbose stack     at ChildProcess.<anonymous> (C:\Users\Amanda\AppData\Roaming\npm\node_modules\npm\lib\utils\spawn.js:24:14)
14 verbose stack     at emitTwo (events.js:87:13)
14 verbose stack     at ChildProcess.emit (events.js:172:7)
14 verbose stack     at maybeClose (internal/child_process.js:818:16)
14 verbose stack     at Process.ChildProcess._handle.onexit (internal/child_process.js:211:5)
15 verbose pkgid diashes.github.io@1.0.0
16 verbose cwd C:\Users\Amanda\Sites\diashes.github.io
17 error Windows_NT 10.0.10586
18 error argv "C:\\Program Files\\nodejs\\node.exe" "C:\\Users\\Amanda\\AppData\\Roaming\\npm\\node_modules\\npm\\bin\\npm-cli.js" "start"
19 error node v4.1.2
20 error npm  v3.7.3
21 error code ELIFECYCLE
22 error diashes.github.io@1.0.0 start: `tsc && concurrently "gulp sass" "tsc -w" "node server.js" `
22 error Exit status 2
23 error Failed at the diashes.github.io@1.0.0 start script 'tsc && concurrently "gulp sass" "tsc -w" "node server.js" '.
23 error Make sure you have the latest version of node.js and npm installed.
23 error If you do, this is most likely a problem with the diashes.github.io package,
23 error not with npm itself.
23 error Tell the author that this fails on your system:
23 error     tsc && concurrently "gulp sass" "tsc -w" "node server.js"
23 error You can get information on how to open an issue for this project with:
23 error     npm bugs diashes.github.io
23 error Or if that isn't available, you can get their info via:
23 error     npm owner ls diashes.github.io
23 error There is likely additional logging output above.
24 verbose exit [ 1, true ]
